Multiple definitions in dictionary at byte 0x3159 for key /ToUnicode
Multiple definitions in dictionary at byte 0x321e for key /ToUnicode
could not convert string to float: b'0.00000000000000-24492937' : FloatObject (b'0.00000000000000-24492937') invalid; use 0.0 instead
could not convert string to float: b'0.00000000000000-24492937' : FloatObject (b'0.00000000000000-24492937') invalid; use 0.0 instead
could not convert string to float: b'0.00000000000000-24492937' : FloatObject (b'0.00000000000000-24492937') invalid; use 0.0 instead
could not convert string to float: b'0.00000000000000-24492937' : FloatObject (b'0.00000000000000-24492937') invalid; use 0.0 instead
could not convert string to float: b'0.00000000000000-24492937' : FloatObject (b'0.00000000000000-24492937') invalid; use 0.0 instead
could not convert string to float: b'0.00000000000000-24492937' : FloatObject (b'0.00000000000000-24492937') invalid; use 0.0 instead
Exceeded 5000 form XObject invocations while extracting text; further form content is skipped.
could not convert string to float: b'0.000000000000-14210855' : FloatObject (b'0.000000000000-14210855') invalid; use 0.0 instead
Multiple definitions in dictionary at byte 0x1ada for key /Group
Multiple definitions in dictionary at byte 0x70b for key /Group
Multiple definitions in dictionary at byte 0x138d for key /Group
Multiple definitions in dictionary at byte 0x360a for key /ToUnicode
Multiple definitions in dictionary at byte 0x36d3 for key /ToUnicode
Multiple definitions in dictionary at byte 0x38cc for key /ToUnicode
Multiple definitions in dictionary at byte 0x3983 for key /ToUnicode
Multiple definitions in dictionary at byte 0x3a39 for key /ToUnicode
Multiple definitions in dictionary at byte 0x3aef for key /ToUnicode
Multiple definitions in dictionary at byte 0x3ba6 for key /ToUnicode
Multiple definitions in dictionary at byte 0x3c5c for key /ToUnicode
Multiple definitions in dictionary at byte 0x3d12 for key /ToUnicode
Multiple definitions in dictionary at byte 0x5b5e for key /ToUnicode
Multiple definitions in dictionary at byte 0x5c23 for key /ToUnicode
Multiple definitions in dictionary at byte 0x2078 for key /ToUnicode
Exceeded 5000 form XObject invocations while extracting text; further form content is skipped.
Exceeded 5000 form XObject invocations while extracting text; further form content is skipped.
Multiple definitions in dictionary at byte 0x4638 for key /ToUnicode
Multiple definitions in dictionary at byte 0x4701 for key /ToUnicode
Ignoring wrong pointing object 23 0 (offset 0)
Ignoring wrong pointing object 100 0 (offset 0)
Multiple definitions in dictionary at byte 0xa32 for key /Group
Multiple definitions in dictionary at byte 0x34ba for key /Group
Multiple definitions in dictionary at byte 0x421 for key /Group
Multiple definitions in dictionary at byte 0x19c2 for key /Group
Multiple definitions in dictionary at byte 0x4b9 for key /Group
Multiple definitions in dictionary at byte 0x3d75 for key /ToUnicode
Multiple definitions in dictionary at byte 0x404c for key /ToUnicode
Multiple definitions in dictionary at byte 0x4111 for key /ToUnicode
Exceeded 5000 form XObject invocations while extracting text; further form content is skipped.
Multiple definitions in dictionary at byte 0x321d for key /ToUnicode
Multiple definitions in dictionary at byte 0x32e2 for key /ToUnicode
Multiple definitions in dictionary at byte 0xd35 for key /ToUnicode
Multiple definitions in dictionary at byte 0x448 for key /ToUnicode
Multiple definitions in dictionary at byte 0x506 for key /ToUnicode
Multiple definitions in dictionary at byte 0x5c4 for key /ToUnicode
Multiple definitions in dictionary at byte 0x682 for key /ToUnicode
Multiple definitions in dictionary at byte 0x61e8 for key /ToUnicode
Multiple definitions in dictionary at byte 0x62a5 for key /ToUnicode
Multiple definitions in dictionary at byte 0x6361 for key /ToUnicode
Multiple definitions in dictionary at byte 0x641d for key /ToUnicode
Multiple definitions in dictionary at byte 0x64d9 for key /ToUnicode
Multiple definitions in dictionary at byte 0x659c for key /ToUnicode
Multiple definitions in dictionary at byte 0x665c for key /ToUnicode
Multiple definitions in dictionary at byte 0x671c for key /ToUnicode
Multiple definitions in dictionary at byte 0x67da for key /ToUnicode
Multiple definitions in dictionary at byte 0x6899 for key /ToUnicode
Multiple definitions in dictionary at byte 0x6958 for key /ToUnicode
Multiple definitions in dictionary at byte 0x6a17 for key /ToUnicode
Multiple definitions in dictionary at byte 0x6ad6 for key /ToUnicode
Multiple definitions in dictionary at byte 0x6b94 for key /ToUnicode
Multiple definitions in dictionary at byte 0x6c52 for key /ToUnicode
Multiple definitions in dictionary at byte 0x6d11 for key /ToUnicode
Multiple definitions in dictionary at byte 0x6dcf for key /ToUnicode
Multiple definitions in dictionary at byte 0x6e8d for key /ToUnicode
Multiple definitions in dictionary at byte 0x6f54 for key /ToUnicode
Multiple definitions in dictionary at byte 0x7019 for key /ToUnicode
Multiple definitions in dictionary at byte 0x70de for key /ToUnicode
Multiple definitions in dictionary at byte 0x71a1 for key /ToUnicode
Multiple definitions in dictionary at byte 0x7265 for key /ToUnicode
Multiple definitions in dictionary at byte 0x7328 for key /ToUnicode
Multiple definitions in dictionary at byte 0x73ed for key /ToUnicode
Multiple definitions in dictionary at byte 0x74b3 for key /ToUnicode
Multiple definitions in dictionary at byte 0x7578 for key /ToUnicode
Multiple definitions in dictionary at byte 0x763a for key /ToUnicode
Multiple definitions in dictionary at byte 0x76ff for key /ToUnicode
Multiple definitions in dictionary at byte 0x77c5 for key /ToUnicode
Multiple definitions in dictionary at byte 0x7a6f for key /ToUnicode
could not convert string to float: b'0.0000000000-1505623' : FloatObject (b'0.0000000000-1505623') invalid; use 0.0 instead
could not convert string to float: b'0.0000000000-4516869' : FloatObject (b'0.0000000000-4516869') invalid; use 0.0 instead
could not convert string to float: b'0.0000000000-1505623' : FloatObject (b'0.0000000000-1505623') invalid; use 0.0 instead
could not convert string to float: b'0.0000000000-4516869' : FloatObject (b'0.0000000000-4516869') invalid; use 0.0 instead
Multiple definitions in dictionary at byte 0x49aa0 for key /Type
Multiple definitions in dictionary at byte 0x49aaf for key /Subtype
Multiple definitions in dictionary at byte 0x49ac4 for key /BBox
Multiple definitions in dictionary at byte 0x49b12 for key /Resources
Ignoring wrong pointing object 13 0 (offset 0)
Ignoring wrong pointing object 26 0 (offset 0)
Ignoring wrong pointing object 97 0 (offset 0)
Ignoring wrong pointing object 119 0 (offset 0)
Ignoring wrong pointing object 124 0 (offset 0)
Ignoring wrong pointing object 129 0 (offset 0)
Ignoring wrong pointing object 131 0 (offset 0)
Ignoring wrong pointing object 155 0 (offset 0)
Ignoring wrong pointing object 158 0 (offset 0)
Ignoring wrong pointing object 162 0 (offset 0)
Ignoring wrong pointing object 164 0 (offset 0)
Ignoring wrong pointing object 166 0 (offset 0)
Ignoring wrong pointing object 180 0 (offset 0)
Ignoring wrong pointing object 208 0 (offset 0)
Ignoring wrong pointing object 249 0 (offset 0)
Ignoring wrong pointing object 252 0 (offset 0)
Ignoring wrong pointing object 267 0 (offset 0)
Ignoring wrong pointing object 352 0 (offset 0)
Ignoring wrong pointing object 354 0 (offset 0)
could not convert string to float: b'0.00-5668933' : FloatObject (b'0.00-5668933') invalid; use 0.0 instead
could not convert string to float: b'0.00-80971635' : FloatObject (b'0.00-80971635') invalid; use 0.0 instead
could not convert string to float: b'0.00-6281406' : FloatObject (b'0.00-6281406') invalid; use 0.0 instead
could not convert string to float: b'0.000-8871391' : FloatObject (b'0.000-8871391') invalid; use 0.0 instead
could not convert string to float: b'0.000-26246718' : FloatObject (b'0.000-26246718') invalid; use 0.0 instead
Multiple definitions in dictionary at byte 0x410c for key /ToUnicode
Multiple definitions in dictionary at byte 0x32b7 for key /ToUnicode
Multiple definitions in dictionary at byte 0x337c for key /ToUnicode
Multiple definitions in dictionary at byte 0x184b for key /Group
Ignoring wrong pointing object 8 0 (offset 0)
Ignoring wrong pointing object 10 0 (offset 0)
Ignoring wrong pointing object 13 0 (offset 0)
Ignoring wrong pointing object 15 0 (offset 0)
Ignoring wrong pointing object 59 0 (offset 0)
Ignoring wrong pointing object 61 0 (offset 0)
Ignoring wrong pointing object 92 0 (offset 0)
Exceeded 5000 form XObject invocations while extracting text; further form content is skipped.
Exceeded 5000 form XObject invocations while extracting text; further form content is skipped.
Multiple definitions in dictionary at byte 0x21d6 for key /ToUnicode
Ignoring wrong pointing object 203 0 (offset 0)
Ignoring wrong pointing object 206 0 (offset 0)
Ignoring wrong pointing object 208 0 (offset 0)
Ignoring wrong pointing object 2482 0 (offset 0)
could not convert string to float: b'0.000-8871391' : FloatObject (b'0.000-8871391') invalid; use 0.0 instead
could not convert string to float: b'0.000000000000-2842171' : FloatObject (b'0.000000000000-2842171') invalid; use 0.0 instead
could not convert string to float: b'0.000000000000-5684342' : FloatObject (b'0.000000000000-5684342') invalid; use 0.0 instead
could not convert string to float: b'0.000000000000-5684342' : FloatObject (b'0.000000000000-5684342') invalid; use 0.0 instead
could not convert string to float: b'0.000000000000-5684342' : FloatObject (b'0.000000000000-5684342') invalid; use 0.0 instead
could not convert string to float: b'0.00-13478905' : FloatObject (b'0.00-13478905') invalid; use 0.0 instead
could not convert string to float: b'0.00-16196955' : FloatObject (b'0.00-16196955') invalid; use 0.0 instead
could not convert string to float: b'0.00-18775817' : FloatObject (b'0.00-18775817') invalid; use 0.0 instead
could not convert string to float: b'0.00-31887754' : FloatObject (b'0.00-31887754') invalid; use 0.0 instead
could not convert string to float: b'0.00-23815193' : FloatObject (b'0.00-23815193') invalid; use 0.0 instead
could not convert string to float: b'0.00-20610058' : FloatObject (b'0.00-20610058') invalid; use 0.0 instead
Ignoring wrong pointing object 234 0 (offset 0)
Multiple definitions in dictionary at byte 0x39e for key /ToUnicode
Multiple definitions in dictionary at byte 0x45c for key /ToUnicode
Multiple definitions in dictionary at byte 0x534c for key /ToUnicode
Multiple definitions in dictionary at byte 0x5410 for key /ToUnicode
Multiple definitions in dictionary at byte 0x54d0 for key /ToUnicode
Multiple definitions in dictionary at byte 0x558e for key /ToUnicode
Multiple definitions in dictionary at byte 0x564d for key /ToUnicode
Multiple definitions in dictionary at byte 0x570c for key /ToUnicode
Multiple definitions in dictionary at byte 0x57cb for key /ToUnicode
Multiple definitions in dictionary at byte 0x5889 for key /ToUnicode
Multiple definitions in dictionary at byte 0x5947 for key /ToUnicode
Multiple definitions in dictionary at byte 0x5a05 for key /ToUnicode
Multiple definitions in dictionary at byte 0x5ac3 for key /ToUnicode
Multiple definitions in dictionary at byte 0x5b81 for key /ToUnicode
Multiple definitions in dictionary at byte 0x5c3f for key /ToUnicode
Multiple definitions in dictionary at byte 0x5cfd for key /ToUnicode
Multiple definitions in dictionary at byte 0x5dbb for key /ToUnicode
Multiple definitions in dictionary at byte 0x5e82 for key /ToUnicode
Multiple definitions in dictionary at byte 0x5f46 for key /ToUnicode
Multiple definitions in dictionary at byte 0x600a for key /ToUnicode
Multiple definitions in dictionary at byte 0x60ce for key /ToUnicode
Multiple definitions in dictionary at byte 0x6191 for key /ToUnicode
Multiple definitions in dictionary at byte 0x3815 for key /ToUnicode
Multiple definitions in dictionary at byte 0x38cc for key /ToUnicode
Multiple definitions in dictionary at byte 0x3983 for key /ToUnicode
Multiple definitions in dictionary at byte 0xad0 for key /ToUnicode
Multiple definitions in dictionary at byte 0xb95 for key /ToUnicode
Ignoring wrong pointing object 44 0 (offset 0)
Ignoring wrong pointing object 71 0 (offset 0)
Multiple definitions in dictionary at byte 0x3e3 for key /ToUnicode
Multiple definitions in dictionary at byte 0x3414 for key /ToUnicode
Multiple definitions in dictionary at byte 0x37c4 for key /ToUnicode
Multiple definitions in dictionary at byte 0x3889 for key /ToUnicode
Multiple definitions in dictionary at byte 0x393a for key /ToUnicode
Multiple definitions in dictionary at byte 0x39ff for key /ToUnicode
could not convert string to float: b'0.000000000000-5684342' : FloatObject (b'0.000000000000-5684342') invalid; use 0.0 instead
could not convert string to float: b'0.00000000000-11368684' : FloatObject (b'0.00000000000-11368684') invalid; use 0.0 instead
could not convert string to float: b'0.000000000000-5684342' : FloatObject (b'0.000000000000-5684342') invalid; use 0.0 instead
could not convert string to float: b'0.00000000000-11368684' : FloatObject (b'0.00000000000-11368684') invalid; use 0.0 instead
Multiple definitions in dictionary at byte 0x3f04 for key /ToUnicode
Multiple definitions in dictionary at byte 0x411c for key /ToUnicode
Exceeded 5000 form XObject invocations while extracting text; further form content is skipped.
could not convert string to float: b'0.00-44424695' : FloatObject (b'0.00-44424695') invalid; use 0.0 instead
could not convert string to float: b'0.00-28677945' : FloatObject (b'0.00-28677945') invalid; use 0.0 instead
could not convert string to float: b'0.00-18345258' : FloatObject (b'0.00-18345258') invalid; use 0.0 instead
could not convert string to float: b'0.00-18296587' : FloatObject (b'0.00-18296587') invalid; use 0.0 instead
could not convert string to float: b'0.00-2053388' : FloatObject (b'0.00-2053388') invalid; use 0.0 instead
could not convert string to float: b'0.00-2053388' : FloatObject (b'0.00-2053388') invalid; use 0.0 instead
could not convert string to float: b'0.00-18345258' : FloatObject (b'0.00-18345258') invalid; use 0.0 instead
could not convert string to float: b'0.00-2871088' : FloatObject (b'0.00-2871088') invalid; use 0.0 instead
could not convert string to float: b'0.00-19036741' : FloatObject (b'0.00-19036741') invalid; use 0.0 instead
could not convert string to float: b'0.00-19036741' : FloatObject (b'0.00-19036741') invalid; use 0.0 instead
could not convert string to float: b'0.000000000000-5684342' : FloatObject (b'0.000000000000-5684342') invalid; use 0.0 instead
Ignoring wrong pointing object 8 0 (offset 0)
Ignoring wrong pointing object 12 0 (offset 0)
Ignoring wrong pointing object 38 0 (offset 0)
Ignoring wrong pointing object 42 0 (offset 0)
Ignoring wrong pointing object 31 0 (offset 0)
Ignoring wrong pointing object 35 0 (offset 0)
Ignoring wrong pointing object 37 0 (offset 0)
Ignoring wrong pointing object 126 0 (offset 0)
Ignoring wrong pointing object 129 0 (offset 0)
Ignoring wrong pointing object 165 0 (offset 0)
Ignoring wrong pointing object 186 0 (offset 0)
Ignoring wrong pointing object 263 0 (offset 0)
Ignoring wrong pointing object 302 0 (offset 0)
could not convert string to float: b'0.00-2832021' : FloatObject (b'0.00-2832021') invalid; use 0.0 instead
Multiple definitions in dictionary at byte 0x17e9 for key /TRP1
Multiple definitions in dictionary at byte 0x17eb for key /ExtGState
Multiple definitions in dictionary at byte 0x3cbf for key /TRP1
Multiple definitions in dictionary at byte 0x3cc1 for key /ExtGState
Multiple definitions in dictionary at byte 0x697e for key /TRP1
Multiple definitions in dictionary at byte 0x6980 for key /ExtGState
Multiple definitions in dictionary at byte 0x999f for key /TRP1
Multiple definitions in dictionary at byte 0x99a1 for key /ExtGState
Multiple definitions in dictionary at byte 0xc52c for key /TRP1
Multiple definitions in dictionary at byte 0xc52e for key /ExtGState
Multiple definitions in dictionary at byte 0xde5b for key /TRP1
Multiple definitions in dictionary at byte 0xde5d for key /ExtGState
Multiple definitions in dictionary at byte 0x420 for key /TRP1
Multiple definitions in dictionary at byte 0x800 for key /TRP1
Multiple definitions in dictionary at byte 0x9ea for key /TRP1
Multiple definitions in dictionary at byte 0x5f2 for key /TRP1
Multiple definitions in dictionary at byte 0xa4b for key /TRP1
Multiple definitions in dictionary at byte 0x108c for key /TRP1
Multiple definitions in dictionary at byte 0x133d for key /TRP1
Multiple definitions in dictionary at byte 0x1821 for key /TRP1
Multiple definitions in dictionary at byte 0x4e3 for key /TRP1
Multiple definitions in dictionary at byte 0xd6e for key /TRP1
Multiple definitions in dictionary at byte 0x1324 for key /TRP1
Multiple definitions in dictionary at byte 0x508 for key /TRP1
Multiple definitions in dictionary at byte 0x1257 for key /TRP1
Multiple definitions in dictionary at byte 0x16ab for key /TRP1
Multiple definitions in dictionary at byte 0x1ac4 for key /TRP1
Multiple definitions in dictionary at byte 0x2465 for key /TRP1
Multiple definitions in dictionary at byte 0x3d9 for key /TRP1
Multiple definitions in dictionary at byte 0xaf1 for key /TRP1
Multiple definitions in dictionary at byte 0x13ea for key /TRP1
Multiple definitions in dictionary at byte 0xa60 for key /TRP1
Multiple definitions in dictionary at byte 0x851 for key /TRP1
Multiple definitions in dictionary at byte 0x193f for key /TRP1
could not convert string to float: b'0.000000000000-5684342' : FloatObject (b'0.000000000000-5684342') invalid; use 0.0 instead
Multiple definitions in dictionary at byte 0x8b1 for key /ExtGState
Multiple definitions in dictionary at byte 0x1651 for key /ExtGState
Multiple definitions in dictionary at byte 0x3ee for key /ExtGState
Multiple definitions in dictionary at byte 0x1298 for key /ExtGState
Multiple definitions in dictionary at byte 0x1730 for key /ExtGState
Multiple definitions in dictionary at byte 0x22b1 for key /ExtGState
Multiple definitions in dictionary at byte 0x27cd for key /ExtGState
Ignoring wrong pointing object 108 0 (offset 0)
Ignoring wrong pointing object 111 0 (offset 0)
Impossible to decode XFormObject /Im6: Read stream length of 112 exceeds maximum allowed length of 64.
could not convert string to float: b'0.000000000000-14210855' : FloatObject (b'0.000000000000-14210855') invalid; use 0.0 instead
could not convert string to float: b'0.000000000000-21316282' : FloatObject (b'0.000000000000-21316282') invalid; use 0.0 instead
Multiple definitions in dictionary at byte 0x423 for key /ToUnicode
Multiple definitions in dictionary at byte 0x4e8 for key /ToUnicode
Multiple definitions in dictionary at byte 0x4335 for key /ToUnicode
Multiple definitions in dictionary at byte 0x43fa for key /ToUnicode
could not convert string to float: b'0.00000000000-17053026' : FloatObject (b'0.00000000000-17053026') invalid; use 0.0 instead
could not convert string to float: b'0.00000000000-11368684' : FloatObject (b'0.00000000000-11368684') invalid; use 0.0 instead
could not convert string to float: b'0.00000000000-11368684' : FloatObject (b'0.00000000000-11368684') invalid; use 0.0 instead
could not convert string to float: b'0.00000000000-11368684' : FloatObject (b'0.00000000000-11368684') invalid; use 0.0 instead
Multiple definitions in dictionary at byte 0xbcee78 for key /ToUnicode
Multiple definitions in dictionary at byte 0xbcf2cb for key /ToUnicode
Multiple definitions in dictionary at byte 0xbcf71c for key /ToUnicode
could not convert string to float: b'0.00-30759766' : FloatObject (b'0.00-30759766') invalid; use 0.0 instead
Exceeded 5000 form XObject invocations while extracting text; further form content is skipped.
pool: 1840 works
[enrich] 800 done, 1040 to go
[enrich]   200/1040
[enrich]   400/1040
[enrich]   600/1040
[enrich]   800/1040
[enrich]   1000/1040
[enrich] complete: 1482 works carry a DOI
[fetch] 1464 works have a candidate link; 0 done, 1464 to go
[fetch] keeping PDFs in data/pdfs/ (~1.3 MB each, about 2 GB in total)
[fetch]   25/1464  ok 17  0.26/s  ~92 min left
[fetch]   50/1464  ok 31  0.46/s  ~52 min left
[fetch]   75/1464  ok 46  0.59/s  ~39 min left
[fetch]   100/1464  ok 59  0.71/s  ~32 min left
[fetch]   125/1464  ok 73  0.50/s  ~45 min left
[fetch]   150/1464  ok 92  0.53/s  ~42 min left
[fetch]   175/1464  ok 107  0.57/s  ~38 min left
[fetch]   200/1464  ok 122  0.61/s  ~34 min left
[fetch]   225/1464  ok 139  0.58/s  ~36 min left
[fetch]   250/1464  ok 154  0.58/s  ~35 min left
[fetch]   275/1464  ok 170  0.60/s  ~33 min left
[fetch]   300/1464  ok 190  0.62/s  ~31 min left
[fetch]   325/1464  ok 211  0.63/s  ~30 min left
[fetch]   350/1464  ok 226  0.65/s  ~29 min left
[fetch]   375/1464  ok 241  0.59/s  ~31 min left
[fetch]   400/1464  ok 258  0.50/s  ~35 min left
[fetch]   425/1464  ok 276  0.50/s  ~35 min left
[fetch]   450/1464  ok 294  0.51/s  ~33 min left
[fetch]   475/1464  ok 313  0.52/s  ~32 min left
[fetch]   500/1464  ok 327  0.48/s  ~33 min left
[fetch]   525/1464  ok 347  0.49/s  ~32 min left
[fetch]   550/1464  ok 369  0.47/s  ~32 min left
[fetch]   575/1464  ok 386  0.45/s  ~33 min left
[fetch]   600/1464  ok 403  0.41/s  ~35 min left
[fetch]   625/1464  ok 418  0.42/s  ~34 min left
[fetch]   650/1464  ok 434  0.42/s  ~32 min left
[fetch]   675/1464  ok 451  0.43/s  ~31 min left
[fetch]   700/1464  ok 471  0.42/s  ~30 min left
[fetch]   725/1464  ok 490  0.43/s  ~29 min left
[fetch]   750/1464  ok 506  0.43/s  ~27 min left
[fetch]   775/1464  ok 524  0.44/s  ~26 min left
[fetch]   800/1464  ok 545  0.45/s  ~25 min left
[fetch]   825/1464  ok 567  0.44/s  ~24 min left
[fetch]   850/1464  ok 587  0.45/s  ~23 min left
[fetch]   875/1464  ok 604  0.46/s  ~21 min left
[fetch]   900/1464  ok 626  0.46/s  ~20 min left
[fetch]   925/1464  ok 647  0.47/s  ~19 min left
[fetch]   950/1464  ok 669  0.47/s  ~18 min left
[fetch]   975/1464  ok 690  0.48/s  ~17 min left
[fetch]   1000/1464  ok 708  0.49/s  ~16 min left
[fetch]   1025/1464  ok 731  0.49/s  ~15 min left
[fetch]   1050/1464  ok 751  0.50/s  ~14 min left
[fetch]   1075/1464  ok 765  0.51/s  ~13 min left
[fetch]   1100/1464  ok 783  0.49/s  ~12 min left
[fetch]   1125/1464  ok 802  0.49/s  ~11 min left
[fetch]   1150/1464  ok 820  0.48/s  ~11 min left
[fetch]   1175/1464  ok 835  0.48/s  ~10 min left
[fetch]   1200/1464  ok 852  0.48/s  ~9 min left
[fetch]   1225/1464  ok 873  0.48/s  ~8 min left
[fetch]   1250/1464  ok 890  0.49/s  ~7 min left
[fetch]   1275/1464  ok 909  0.49/s  ~6 min left
[fetch]   1300/1464  ok 924  0.49/s  ~6 min left
[fetch]   1325/1464  ok 949  0.49/s  ~5 min left
[fetch]   1350/1464  ok 969  0.48/s  ~4 min left
[fetch]   1375/1464  ok 988  0.48/s  ~3 min left
[fetch]   1400/1464  ok 1006  0.49/s  ~2 min left
[fetch]   1425/1464  ok 1025  0.49/s  ~1 min left
[fetch]   1450/1464  ok 1048  0.48/s  ~0 min left

[resolve] {'artifact found': 523, 'not a pdf': 294, 'no artifact link': 537, 'download failed': 108, 'extract failed: DependencyError': 2}
[resolve] papers with at least one artifact link: 523
[resolve] by host: {'zenodo_doi': 44, 'github': 1074, 'zenodo': 7, 'bitbucket': 7, 'gitlab': 12, 'figshare': 1}
[resolve] wrote data/pools/artifacts.json
